// Jest Snapshot v1, https://goo.gl/fbAQLP

exports[`Modal renders 1`] = `
<DocumentFragment>
  <div
    class="full-screen-modal"
  >
    <div
      class="modal__content"
    >
      <div />
    </div>
  </div>
</DocumentFragment>
`;
