// Jest Snapshot v1, https://goo.gl/fbAQLP

exports[`MainLayout renders 1`] = `
<DocumentFragment>
  <div
    class="main-layout"
  >
    <div />
  </div>
</DocumentFragment>
`;
