// Jest Snapshot v1, https://goo.gl/fbAQLP

exports[`MovieSearchResultsContainer renders 1`] = `
<DocumentFragment>
  <div
    class="movie-grid"
  >
    movie grid
  </div>
</DocumentFragment>
`;
