// Jest Snapshot v1, https://goo.gl/fbAQLP

exports[`WatchLaterPage renders 1`] = `
<DocumentFragment>
  <div />
</DocumentFragment>
`;
