// Jest Snapshot v1, https://goo.gl/fbAQLP

exports[`MovieGridContainer renders 1`] = `
<DocumentFragment>
  <div
    class="movie-grid"
  />
</DocumentFragment>
`;
