// Jest Snapshot v1, https://goo.gl/fbAQLP

exports[`MovieGrid renders 1`] = `
<DocumentFragment>
  <div
    class="movie-grid"
  >
    <div />
  </div>
</DocumentFragment>
`;
